running egg_info
creating ../build/turtlebot3_pyqt_gui/turtlebot3_pyqt_gui.egg-info
writing ../build/turtlebot3_pyqt_gui/turtlebot3_pyqt_gui.egg-info/PKG-INFO
writing dependency_links to ../build/turtlebot3_pyqt_gui/turtlebot3_pyqt_gui.egg-info/dependency_links.txt
writing entry points to ../build/turtlebot3_pyqt_gui/turtlebot3_pyqt_gui.egg-info/entry_points.txt
writing requirements to ../build/turtlebot3_pyqt_gui/turtlebot3_pyqt_gui.egg-info/requires.txt
writing top-level names to ../build/turtlebot3_pyqt_gui/turtlebot3_pyqt_gui.egg-info/top_level.txt
writing manifest file '../build/turtlebot3_pyqt_gui/turtlebot3_pyqt_gui.egg-info/SOURCES.txt'
reading manifest file '../build/turtlebot3_pyqt_gui/turtlebot3_pyqt_gui.egg-info/SOURCES.txt'
writing manifest file '../build/turtlebot3_pyqt_gui/turtlebot3_pyqt_gui.egg-info/SOURCES.txt'
running build
running build_py
creating /home/changmin/mini_projects/hope_turtlebot3_pyqt_gui/src/build/turtlebot3_pyqt_gui/build
creating /home/changmin/mini_projects/hope_turtlebot3_pyqt_gui/src/build/turtlebot3_pyqt_gui/build/lib
creating /home/changmin/mini_projects/hope_turtlebot3_pyqt_gui/src/build/turtlebot3_pyqt_gui/build/lib/turtlebot3_pyqt_gui
copying turtlebot3_pyqt_gui/__init__.py -> /home/changmin/mini_projects/hope_turtlebot3_pyqt_gui/src/build/turtlebot3_pyqt_gui/build/lib/turtlebot3_pyqt_gui
copying turtlebot3_pyqt_gui/turtlebot3_gui.py -> /home/changmin/mini_projects/hope_turtlebot3_pyqt_gui/src/build/turtlebot3_pyqt_gui/build/lib/turtlebot3_pyqt_gui
copying turtlebot3_pyqt_gui/turtlebot3_pyqt.py -> /home/changmin/mini_projects/hope_turtlebot3_pyqt_gui/src/build/turtlebot3_pyqt_gui/build/lib/turtlebot3_pyqt_gui
creating /home/changmin/mini_projects/hope_turtlebot3_pyqt_gui/src/build/turtlebot3_pyqt_gui/build/lib/turtlebot3_pyqt_gui/services
copying turtlebot3_pyqt_gui/services/launch_service.py -> /home/changmin/mini_projects/hope_turtlebot3_pyqt_gui/src/build/turtlebot3_pyqt_gui/build/lib/turtlebot3_pyqt_gui/services
copying turtlebot3_pyqt_gui/services/__init__.py -> /home/changmin/mini_projects/hope_turtlebot3_pyqt_gui/src/build/turtlebot3_pyqt_gui/build/lib/turtlebot3_pyqt_gui/services
copying turtlebot3_pyqt_gui/services/gtts_service.py -> /home/changmin/mini_projects/hope_turtlebot3_pyqt_gui/src/build/turtlebot3_pyqt_gui/build/lib/turtlebot3_pyqt_gui/services
copying turtlebot3_pyqt_gui/services/cmd_vel_service.py -> /home/changmin/mini_projects/hope_turtlebot3_pyqt_gui/src/build/turtlebot3_pyqt_gui/build/lib/turtlebot3_pyqt_gui/services
copying turtlebot3_pyqt_gui/services/trajectory_service.py -> /home/changmin/mini_projects/hope_turtlebot3_pyqt_gui/src/build/turtlebot3_pyqt_gui/build/lib/turtlebot3_pyqt_gui/services
creating /home/changmin/mini_projects/hope_turtlebot3_pyqt_gui/src/build/turtlebot3_pyqt_gui/build/lib/turtlebot3_pyqt_gui/ui
copying turtlebot3_pyqt_gui/ui/trajectory_widget.py -> /home/changmin/mini_projects/hope_turtlebot3_pyqt_gui/src/build/turtlebot3_pyqt_gui/build/lib/turtlebot3_pyqt_gui/ui
copying turtlebot3_pyqt_gui/ui/process_control_widget.py -> /home/changmin/mini_projects/hope_turtlebot3_pyqt_gui/src/build/turtlebot3_pyqt_gui/build/lib/turtlebot3_pyqt_gui/ui
copying turtlebot3_pyqt_gui/ui/__init__.py -> /home/changmin/mini_projects/hope_turtlebot3_pyqt_gui/src/build/turtlebot3_pyqt_gui/build/lib/turtlebot3_pyqt_gui/ui
copying turtlebot3_pyqt_gui/ui/robot_status_widget.py -> /home/changmin/mini_projects/hope_turtlebot3_pyqt_gui/src/build/turtlebot3_pyqt_gui/build/lib/turtlebot3_pyqt_gui/ui
copying turtlebot3_pyqt_gui/ui/waypoint_widget.py -> /home/changmin/mini_projects/hope_turtlebot3_pyqt_gui/src/build/turtlebot3_pyqt_gui/build/lib/turtlebot3_pyqt_gui/ui
copying turtlebot3_pyqt_gui/ui/gtts_widget.py -> /home/changmin/mini_projects/hope_turtlebot3_pyqt_gui/src/build/turtlebot3_pyqt_gui/build/lib/turtlebot3_pyqt_gui/ui
copying turtlebot3_pyqt_gui/ui/battery_widget.py -> /home/changmin/mini_projects/hope_turtlebot3_pyqt_gui/src/build/turtlebot3_pyqt_gui/build/lib/turtlebot3_pyqt_gui/ui
copying turtlebot3_pyqt_gui/ui/battery_voltage_widget.py -> /home/changmin/mini_projects/hope_turtlebot3_pyqt_gui/src/build/turtlebot3_pyqt_gui/build/lib/turtlebot3_pyqt_gui/ui
copying turtlebot3_pyqt_gui/ui/log_widget.py -> /home/changmin/mini_projects/hope_turtlebot3_pyqt_gui/src/build/turtlebot3_pyqt_gui/build/lib/turtlebot3_pyqt_gui/ui
copying turtlebot3_pyqt_gui/ui/team_custom_widget.py -> /home/changmin/mini_projects/hope_turtlebot3_pyqt_gui/src/build/turtlebot3_pyqt_gui/build/lib/turtlebot3_pyqt_gui/ui
copying turtlebot3_pyqt_gui/ui/ros2_topic_widget.py -> /home/changmin/mini_projects/hope_turtlebot3_pyqt_gui/src/build/turtlebot3_pyqt_gui/build/lib/turtlebot3_pyqt_gui/ui
copying turtlebot3_pyqt_gui/ui/cmd_vel_widget.py -> /home/changmin/mini_projects/hope_turtlebot3_pyqt_gui/src/build/turtlebot3_pyqt_gui/build/lib/turtlebot3_pyqt_gui/ui
creating /home/changmin/mini_projects/hope_turtlebot3_pyqt_gui/src/build/turtlebot3_pyqt_gui/build/lib/turtlebot3_pyqt_gui/viewmodels
copying turtlebot3_pyqt_gui/viewmodels/log_viewmodel.py -> /home/changmin/mini_projects/hope_turtlebot3_pyqt_gui/src/build/turtlebot3_pyqt_gui/build/lib/turtlebot3_pyqt_gui/viewmodels
copying turtlebot3_pyqt_gui/viewmodels/ros2_topic_viewmodel.py -> /home/changmin/mini_projects/hope_turtlebot3_pyqt_gui/src/build/turtlebot3_pyqt_gui/build/lib/turtlebot3_pyqt_gui/viewmodels
copying turtlebot3_pyqt_gui/viewmodels/__init__.py -> /home/changmin/mini_projects/hope_turtlebot3_pyqt_gui/src/build/turtlebot3_pyqt_gui/build/lib/turtlebot3_pyqt_gui/viewmodels
copying turtlebot3_pyqt_gui/viewmodels/team_custom_viewmodel.py -> /home/changmin/mini_projects/hope_turtlebot3_pyqt_gui/src/build/turtlebot3_pyqt_gui/build/lib/turtlebot3_pyqt_gui/viewmodels
copying turtlebot3_pyqt_gui/viewmodels/battery_viewmodel.py -> /home/changmin/mini_projects/hope_turtlebot3_pyqt_gui/src/build/turtlebot3_pyqt_gui/build/lib/turtlebot3_pyqt_gui/viewmodels
copying turtlebot3_pyqt_gui/viewmodels/battery_voltage_viewmodel.py -> /home/changmin/mini_projects/hope_turtlebot3_pyqt_gui/src/build/turtlebot3_pyqt_gui/build/lib/turtlebot3_pyqt_gui/viewmodels
copying turtlebot3_pyqt_gui/viewmodels/trajectory_viewmodel.py -> /home/changmin/mini_projects/hope_turtlebot3_pyqt_gui/src/build/turtlebot3_pyqt_gui/build/lib/turtlebot3_pyqt_gui/viewmodels
copying turtlebot3_pyqt_gui/viewmodels/waypoint_viewmodel.py -> /home/changmin/mini_projects/hope_turtlebot3_pyqt_gui/src/build/turtlebot3_pyqt_gui/build/lib/turtlebot3_pyqt_gui/viewmodels
copying turtlebot3_pyqt_gui/viewmodels/robot_status_viewmodel.py -> /home/changmin/mini_projects/hope_turtlebot3_pyqt_gui/src/build/turtlebot3_pyqt_gui/build/lib/turtlebot3_pyqt_gui/viewmodels
copying turtlebot3_pyqt_gui/viewmodels/cmd_vel_viewmodel.py -> /home/changmin/mini_projects/hope_turtlebot3_pyqt_gui/src/build/turtlebot3_pyqt_gui/build/lib/turtlebot3_pyqt_gui/viewmodels
copying turtlebot3_pyqt_gui/viewmodels/gtts_viewmodel.py -> /home/changmin/mini_projects/hope_turtlebot3_pyqt_gui/src/build/turtlebot3_pyqt_gui/build/lib/turtlebot3_pyqt_gui/viewmodels
copying turtlebot3_pyqt_gui/viewmodels/process_control_viewmodel.py -> /home/changmin/mini_projects/hope_turtlebot3_pyqt_gui/src/build/turtlebot3_pyqt_gui/build/lib/turtlebot3_pyqt_gui/viewmodels
creating /home/changmin/mini_projects/hope_turtlebot3_pyqt_gui/src/build/turtlebot3_pyqt_gui/build/lib/signals
copying ../signals/RosSignalsManager.py -> /home/changmin/mini_projects/hope_turtlebot3_pyqt_gui/src/build/turtlebot3_pyqt_gui/build/lib/signals
copying ../signals/__init__.py -> /home/changmin/mini_projects/hope_turtlebot3_pyqt_gui/src/build/turtlebot3_pyqt_gui/build/lib/signals
creating /home/changmin/mini_projects/hope_turtlebot3_pyqt_gui/src/build/turtlebot3_pyqt_gui/build/lib/turtlebot3_pyqt_gui/ros
copying turtlebot3_pyqt_gui/ros/__init__.py -> /home/changmin/mini_projects/hope_turtlebot3_pyqt_gui/src/build/turtlebot3_pyqt_gui/build/lib/turtlebot3_pyqt_gui/ros
copying turtlebot3_pyqt_gui/ros/turtlebot3_pyqt_gui_node.py -> /home/changmin/mini_projects/hope_turtlebot3_pyqt_gui/src/build/turtlebot3_pyqt_gui/build/lib/turtlebot3_pyqt_gui/ros
running install
running install_lib
creating /home/changmin/mini_projects/hope_turtlebot3_pyqt_gui/src/install/turtlebot3_pyqt_gui/lib/python3.10/site-packages/turtlebot3_pyqt_gui
copying /home/changmin/mini_projects/hope_turtlebot3_pyqt_gui/src/build/turtlebot3_pyqt_gui/build/lib/turtlebot3_pyqt_gui/__init__.py -> /home/changmin/mini_projects/hope_turtlebot3_pyqt_gui/src/install/turtlebot3_pyqt_gui/lib/python3.10/site-packages/turtlebot3_pyqt_gui
creating /home/changmin/mini_projects/hope_turtlebot3_pyqt_gui/src/install/turtlebot3_pyqt_gui/lib/python3.10/site-packages/turtlebot3_pyqt_gui/ui
copying /home/changmin/mini_projects/hope_turtlebot3_pyqt_gui/src/build/turtlebot3_pyqt_gui/build/lib/turtlebot3_pyqt_gui/ui/trajectory_widget.py -> /home/changmin/mini_projects/hope_turtlebot3_pyqt_gui/src/install/turtlebot3_pyqt_gui/lib/python3.10/site-packages/turtlebot3_pyqt_gui/ui
copying /home/changmin/mini_projects/hope_turtlebot3_pyqt_gui/src/build/turtlebot3_pyqt_gui/build/lib/turtlebot3_pyqt_gui/ui/process_control_widget.py -> /home/changmin/mini_projects/hope_turtlebot3_pyqt_gui/src/install/turtlebot3_pyqt_gui/lib/python3.10/site-packages/turtlebot3_pyqt_gui/ui
copying /home/changmin/mini_projects/hope_turtlebot3_pyqt_gui/src/build/turtlebot3_pyqt_gui/build/lib/turtlebot3_pyqt_gui/ui/__init__.py -> /home/changmin/mini_projects/hope_turtlebot3_pyqt_gui/src/install/turtlebot3_pyqt_gui/lib/python3.10/site-packages/turtlebot3_pyqt_gui/ui
copying /home/changmin/mini_projects/hope_turtlebot3_pyqt_gui/src/build/turtlebot3_pyqt_gui/build/lib/turtlebot3_pyqt_gui/ui/robot_status_widget.py -> /home/changmin/mini_projects/hope_turtlebot3_pyqt_gui/src/install/turtlebot3_pyqt_gui/lib/python3.10/site-packages/turtlebot3_pyqt_gui/ui
copying /home/changmin/mini_projects/hope_turtlebot3_pyqt_gui/src/build/turtlebot3_pyqt_gui/build/lib/turtlebot3_pyqt_gui/ui/waypoint_widget.py -> /home/changmin/mini_projects/hope_turtlebot3_pyqt_gui/src/install/turtlebot3_pyqt_gui/lib/python3.10/site-packages/turtlebot3_pyqt_gui/ui
copying /home/changmin/mini_projects/hope_turtlebot3_pyqt_gui/src/build/turtlebot3_pyqt_gui/build/lib/turtlebot3_pyqt_gui/ui/gtts_widget.py -> /home/changmin/mini_projects/hope_turtlebot3_pyqt_gui/src/install/turtlebot3_pyqt_gui/lib/python3.10/site-packages/turtlebot3_pyqt_gui/ui
copying /home/changmin/mini_projects/hope_turtlebot3_pyqt_gui/src/build/turtlebot3_pyqt_gui/build/lib/turtlebot3_pyqt_gui/ui/battery_widget.py -> /home/changmin/mini_projects/hope_turtlebot3_pyqt_gui/src/install/turtlebot3_pyqt_gui/lib/python3.10/site-packages/turtlebot3_pyqt_gui/ui
copying /home/changmin/mini_projects/hope_turtlebot3_pyqt_gui/src/build/turtlebot3_pyqt_gui/build/lib/turtlebot3_pyqt_gui/ui/battery_voltage_widget.py -> /home/changmin/mini_projects/hope_turtlebot3_pyqt_gui/src/install/turtlebot3_pyqt_gui/lib/python3.10/site-packages/turtlebot3_pyqt_gui/ui
copying /home/changmin/mini_projects/hope_turtlebot3_pyqt_gui/src/build/turtlebot3_pyqt_gui/build/lib/turtlebot3_pyqt_gui/ui/log_widget.py -> /home/changmin/mini_projects/hope_turtlebot3_pyqt_gui/src/install/turtlebot3_pyqt_gui/lib/python3.10/site-packages/turtlebot3_pyqt_gui/ui
copying /home/changmin/mini_projects/hope_turtlebot3_pyqt_gui/src/build/turtlebot3_pyqt_gui/build/lib/turtlebot3_pyqt_gui/ui/team_custom_widget.py -> /home/changmin/mini_projects/hope_turtlebot3_pyqt_gui/src/install/turtlebot3_pyqt_gui/lib/python3.10/site-packages/turtlebot3_pyqt_gui/ui
copying /home/changmin/mini_projects/hope_turtlebot3_pyqt_gui/src/build/turtlebot3_pyqt_gui/build/lib/turtlebot3_pyqt_gui/ui/ros2_topic_widget.py -> /home/changmin/mini_projects/hope_turtlebot3_pyqt_gui/src/install/turtlebot3_pyqt_gui/lib/python3.10/site-packages/turtlebot3_pyqt_gui/ui
copying /home/changmin/mini_projects/hope_turtlebot3_pyqt_gui/src/build/turtlebot3_pyqt_gui/build/lib/turtlebot3_pyqt_gui/ui/cmd_vel_widget.py -> /home/changmin/mini_projects/hope_turtlebot3_pyqt_gui/src/install/turtlebot3_pyqt_gui/lib/python3.10/site-packages/turtlebot3_pyqt_gui/ui
copying /home/changmin/mini_projects/hope_turtlebot3_pyqt_gui/src/build/turtlebot3_pyqt_gui/build/lib/turtlebot3_pyqt_gui/turtlebot3_gui.py -> /home/changmin/mini_projects/hope_turtlebot3_pyqt_gui/src/install/turtlebot3_pyqt_gui/lib/python3.10/site-packages/turtlebot3_pyqt_gui
creating /home/changmin/mini_projects/hope_turtlebot3_pyqt_gui/src/install/turtlebot3_pyqt_gui/lib/python3.10/site-packages/turtlebot3_pyqt_gui/viewmodels
copying /home/changmin/mini_projects/hope_turtlebot3_pyqt_gui/src/build/turtlebot3_pyqt_gui/build/lib/turtlebot3_pyqt_gui/viewmodels/log_viewmodel.py -> /home/changmin/mini_projects/hope_turtlebot3_pyqt_gui/src/install/turtlebot3_pyqt_gui/lib/python3.10/site-packages/turtlebot3_pyqt_gui/viewmodels
copying /home/changmin/mini_projects/hope_turtlebot3_pyqt_gui/src/build/turtlebot3_pyqt_gui/build/lib/turtlebot3_pyqt_gui/viewmodels/ros2_topic_viewmodel.py -> /home/changmin/mini_projects/hope_turtlebot3_pyqt_gui/src/install/turtlebot3_pyqt_gui/lib/python3.10/site-packages/turtlebot3_pyqt_gui/viewmodels
copying /home/changmin/mini_projects/hope_turtlebot3_pyqt_gui/src/build/turtlebot3_pyqt_gui/build/lib/turtlebot3_pyqt_gui/viewmodels/__init__.py -> /home/changmin/mini_projects/hope_turtlebot3_pyqt_gui/src/install/turtlebot3_pyqt_gui/lib/python3.10/site-packages/turtlebot3_pyqt_gui/viewmodels
copying /home/changmin/mini_projects/hope_turtlebot3_pyqt_gui/src/build/turtlebot3_pyqt_gui/build/lib/turtlebot3_pyqt_gui/viewmodels/team_custom_viewmodel.py -> /home/changmin/mini_projects/hope_turtlebot3_pyqt_gui/src/install/turtlebot3_pyqt_gui/lib/python3.10/site-packages/turtlebot3_pyqt_gui/viewmodels
copying /home/changmin/mini_projects/hope_turtlebot3_pyqt_gui/src/build/turtlebot3_pyqt_gui/build/lib/turtlebot3_pyqt_gui/viewmodels/battery_viewmodel.py -> /home/changmin/mini_projects/hope_turtlebot3_pyqt_gui/src/install/turtlebot3_pyqt_gui/lib/python3.10/site-packages/turtlebot3_pyqt_gui/viewmodels
copying /home/changmin/mini_projects/hope_turtlebot3_pyqt_gui/src/build/turtlebot3_pyqt_gui/build/lib/turtlebot3_pyqt_gui/viewmodels/battery_voltage_viewmodel.py -> /home/changmin/mini_projects/hope_turtlebot3_pyqt_gui/src/install/turtlebot3_pyqt_gui/lib/python3.10/site-packages/turtlebot3_pyqt_gui/viewmodels
copying /home/changmin/mini_projects/hope_turtlebot3_pyqt_gui/src/build/turtlebot3_pyqt_gui/build/lib/turtlebot3_pyqt_gui/viewmodels/trajectory_viewmodel.py -> /home/changmin/mini_projects/hope_turtlebot3_pyqt_gui/src/install/turtlebot3_pyqt_gui/lib/python3.10/site-packages/turtlebot3_pyqt_gui/viewmodels
copying /home/changmin/mini_projects/hope_turtlebot3_pyqt_gui/src/build/turtlebot3_pyqt_gui/build/lib/turtlebot3_pyqt_gui/viewmodels/waypoint_viewmodel.py -> /home/changmin/mini_projects/hope_turtlebot3_pyqt_gui/src/install/turtlebot3_pyqt_gui/lib/python3.10/site-packages/turtlebot3_pyqt_gui/viewmodels
copying /home/changmin/mini_projects/hope_turtlebot3_pyqt_gui/src/build/turtlebot3_pyqt_gui/build/lib/turtlebot3_pyqt_gui/viewmodels/robot_status_viewmodel.py -> /home/changmin/mini_projects/hope_turtlebot3_pyqt_gui/src/install/turtlebot3_pyqt_gui/lib/python3.10/site-packages/turtlebot3_pyqt_gui/viewmodels
copying /home/changmin/mini_projects/hope_turtlebot3_pyqt_gui/src/build/turtlebot3_pyqt_gui/build/lib/turtlebot3_pyqt_gui/viewmodels/cmd_vel_viewmodel.py -> /home/changmin/mini_projects/hope_turtlebot3_pyqt_gui/src/install/turtlebot3_pyqt_gui/lib/python3.10/site-packages/turtlebot3_pyqt_gui/viewmodels
copying /home/changmin/mini_projects/hope_turtlebot3_pyqt_gui/src/build/turtlebot3_pyqt_gui/build/lib/turtlebot3_pyqt_gui/viewmodels/gtts_viewmodel.py -> /home/changmin/mini_projects/hope_turtlebot3_pyqt_gui/src/install/turtlebot3_pyqt_gui/lib/python3.10/site-packages/turtlebot3_pyqt_gui/viewmodels
copying /home/changmin/mini_projects/hope_turtlebot3_pyqt_gui/src/build/turtlebot3_pyqt_gui/build/lib/turtlebot3_pyqt_gui/viewmodels/process_control_viewmodel.py -> /home/changmin/mini_projects/hope_turtlebot3_pyqt_gui/src/install/turtlebot3_pyqt_gui/lib/python3.10/site-packages/turtlebot3_pyqt_gui/viewmodels
creating /home/changmin/mini_projects/hope_turtlebot3_pyqt_gui/src/install/turtlebot3_pyqt_gui/lib/python3.10/site-packages/turtlebot3_pyqt_gui/services
copying /home/changmin/mini_projects/hope_turtlebot3_pyqt_gui/src/build/turtlebot3_pyqt_gui/build/lib/turtlebot3_pyqt_gui/services/launch_service.py -> /home/changmin/mini_projects/hope_turtlebot3_pyqt_gui/src/install/turtlebot3_pyqt_gui/lib/python3.10/site-packages/turtlebot3_pyqt_gui/services
copying /home/changmin/mini_projects/hope_turtlebot3_pyqt_gui/src/build/turtlebot3_pyqt_gui/build/lib/turtlebot3_pyqt_gui/services/__init__.py -> /home/changmin/mini_projects/hope_turtlebot3_pyqt_gui/src/install/turtlebot3_pyqt_gui/lib/python3.10/site-packages/turtlebot3_pyqt_gui/services
copying /home/changmin/mini_projects/hope_turtlebot3_pyqt_gui/src/build/turtlebot3_pyqt_gui/build/lib/turtlebot3_pyqt_gui/services/gtts_service.py -> /home/changmin/mini_projects/hope_turtlebot3_pyqt_gui/src/install/turtlebot3_pyqt_gui/lib/python3.10/site-packages/turtlebot3_pyqt_gui/services
copying /home/changmin/mini_projects/hope_turtlebot3_pyqt_gui/src/build/turtlebot3_pyqt_gui/build/lib/turtlebot3_pyqt_gui/services/cmd_vel_service.py -> /home/changmin/mini_projects/hope_turtlebot3_pyqt_gui/src/install/turtlebot3_pyqt_gui/lib/python3.10/site-packages/turtlebot3_pyqt_gui/services
copying /home/changmin/mini_projects/hope_turtlebot3_pyqt_gui/src/build/turtlebot3_pyqt_gui/build/lib/turtlebot3_pyqt_gui/services/trajectory_service.py -> /home/changmin/mini_projects/hope_turtlebot3_pyqt_gui/src/install/turtlebot3_pyqt_gui/lib/python3.10/site-packages/turtlebot3_pyqt_gui/services
creating /home/changmin/mini_projects/hope_turtlebot3_pyqt_gui/src/install/turtlebot3_pyqt_gui/lib/python3.10/site-packages/turtlebot3_pyqt_gui/ros
copying /home/changmin/mini_projects/hope_turtlebot3_pyqt_gui/src/build/turtlebot3_pyqt_gui/build/lib/turtlebot3_pyqt_gui/ros/__init__.py -> /home/changmin/mini_projects/hope_turtlebot3_pyqt_gui/src/install/turtlebot3_pyqt_gui/lib/python3.10/site-packages/turtlebot3_pyqt_gui/ros
copying /home/changmin/mini_projects/hope_turtlebot3_pyqt_gui/src/build/turtlebot3_pyqt_gui/build/lib/turtlebot3_pyqt_gui/ros/turtlebot3_pyqt_gui_node.py -> /home/changmin/mini_projects/hope_turtlebot3_pyqt_gui/src/install/turtlebot3_pyqt_gui/lib/python3.10/site-packages/turtlebot3_pyqt_gui/ros
copying /home/changmin/mini_projects/hope_turtlebot3_pyqt_gui/src/build/turtlebot3_pyqt_gui/build/lib/turtlebot3_pyqt_gui/turtlebot3_pyqt.py -> /home/changmin/mini_projects/hope_turtlebot3_pyqt_gui/src/install/turtlebot3_pyqt_gui/lib/python3.10/site-packages/turtlebot3_pyqt_gui
creating /home/changmin/mini_projects/hope_turtlebot3_pyqt_gui/src/install/turtlebot3_pyqt_gui/lib/python3.10/site-packages/signals
copying /home/changmin/mini_projects/hope_turtlebot3_pyqt_gui/src/build/turtlebot3_pyqt_gui/build/lib/signals/RosSignalsManager.py -> /home/changmin/mini_projects/hope_turtlebot3_pyqt_gui/src/install/turtlebot3_pyqt_gui/lib/python3.10/site-packages/signals
copying /home/changmin/mini_projects/hope_turtlebot3_pyqt_gui/src/build/turtlebot3_pyqt_gui/build/lib/signals/__init__.py -> /home/changmin/mini_projects/hope_turtlebot3_pyqt_gui/src/install/turtlebot3_pyqt_gui/lib/python3.10/site-packages/signals
byte-compiling /home/changmin/mini_projects/hope_turtlebot3_pyqt_gui/src/install/turtlebot3_pyqt_gui/lib/python3.10/site-packages/turtlebot3_pyqt_gui/__init__.py to __init__.cpython-310.pyc
byte-compiling /home/changmin/mini_projects/hope_turtlebot3_pyqt_gui/src/install/turtlebot3_pyqt_gui/lib/python3.10/site-packages/turtlebot3_pyqt_gui/ui/trajectory_widget.py to trajectory_widget.cpython-310.pyc
byte-compiling /home/changmin/mini_projects/hope_turtlebot3_pyqt_gui/src/install/turtlebot3_pyqt_gui/lib/python3.10/site-packages/turtlebot3_pyqt_gui/ui/process_control_widget.py to process_control_widget.cpython-310.pyc
byte-compiling /home/changmin/mini_projects/hope_turtlebot3_pyqt_gui/src/install/turtlebot3_pyqt_gui/lib/python3.10/site-packages/turtlebot3_pyqt_gui/ui/__init__.py to __init__.cpython-310.pyc
byte-compiling /home/changmin/mini_projects/hope_turtlebot3_pyqt_gui/src/install/turtlebot3_pyqt_gui/lib/python3.10/site-packages/turtlebot3_pyqt_gui/ui/robot_status_widget.py to robot_status_widget.cpython-310.pyc
byte-compiling /home/changmin/mini_projects/hope_turtlebot3_pyqt_gui/src/install/turtlebot3_pyqt_gui/lib/python3.10/site-packages/turtlebot3_pyqt_gui/ui/waypoint_widget.py to waypoint_widget.cpython-310.pyc
byte-compiling /home/changmin/mini_projects/hope_turtlebot3_pyqt_gui/src/install/turtlebot3_pyqt_gui/lib/python3.10/site-packages/turtlebot3_pyqt_gui/ui/gtts_widget.py to gtts_widget.cpython-310.pyc
byte-compiling /home/changmin/mini_projects/hope_turtlebot3_pyqt_gui/src/install/turtlebot3_pyqt_gui/lib/python3.10/site-packages/turtlebot3_pyqt_gui/ui/battery_widget.py to battery_widget.cpython-310.pyc
byte-compiling /home/changmin/mini_projects/hope_turtlebot3_pyqt_gui/src/install/turtlebot3_pyqt_gui/lib/python3.10/site-packages/turtlebot3_pyqt_gui/ui/battery_voltage_widget.py to battery_voltage_widget.cpython-310.pyc
byte-compiling /home/changmin/mini_projects/hope_turtlebot3_pyqt_gui/src/install/turtlebot3_pyqt_gui/lib/python3.10/site-packages/turtlebot3_pyqt_gui/ui/log_widget.py to log_widget.cpython-310.pyc
byte-compiling /home/changmin/mini_projects/hope_turtlebot3_pyqt_gui/src/install/turtlebot3_pyqt_gui/lib/python3.10/site-packages/turtlebot3_pyqt_gui/ui/team_custom_widget.py to team_custom_widget.cpython-310.pyc
byte-compiling /home/changmin/mini_projects/hope_turtlebot3_pyqt_gui/src/install/turtlebot3_pyqt_gui/lib/python3.10/site-packages/turtlebot3_pyqt_gui/ui/ros2_topic_widget.py to ros2_topic_widget.cpython-310.pyc
byte-compiling /home/changmin/mini_projects/hope_turtlebot3_pyqt_gui/src/install/turtlebot3_pyqt_gui/lib/python3.10/site-packages/turtlebot3_pyqt_gui/ui/cmd_vel_widget.py to cmd_vel_widget.cpython-310.pyc
byte-compiling /home/changmin/mini_projects/hope_turtlebot3_pyqt_gui/src/install/turtlebot3_pyqt_gui/lib/python3.10/site-packages/turtlebot3_pyqt_gui/turtlebot3_gui.py to turtlebot3_gui.cpython-310.pyc
byte-compiling /home/changmin/mini_projects/hope_turtlebot3_pyqt_gui/src/install/turtlebot3_pyqt_gui/lib/python3.10/site-packages/turtlebot3_pyqt_gui/viewmodels/log_viewmodel.py to log_viewmodel.cpython-310.pyc
byte-compiling /home/changmin/mini_projects/hope_turtlebot3_pyqt_gui/src/install/turtlebot3_pyqt_gui/lib/python3.10/site-packages/turtlebot3_pyqt_gui/viewmodels/ros2_topic_viewmodel.py to ros2_topic_viewmodel.cpython-310.pyc
byte-compiling /home/changmin/mini_projects/hope_turtlebot3_pyqt_gui/src/install/turtlebot3_pyqt_gui/lib/python3.10/site-packages/turtlebot3_pyqt_gui/viewmodels/__init__.py to __init__.cpython-310.pyc
byte-compiling /home/changmin/mini_projects/hope_turtlebot3_pyqt_gui/src/install/turtlebot3_pyqt_gui/lib/python3.10/site-packages/turtlebot3_pyqt_gui/viewmodels/team_custom_viewmodel.py to team_custom_viewmodel.cpython-310.pyc
byte-compiling /home/changmin/mini_projects/hope_turtlebot3_pyqt_gui/src/install/turtlebot3_pyqt_gui/lib/python3.10/site-packages/turtlebot3_pyqt_gui/viewmodels/battery_viewmodel.py to battery_viewmodel.cpython-310.pyc
byte-compiling /home/changmin/mini_projects/hope_turtlebot3_pyqt_gui/src/install/turtlebot3_pyqt_gui/lib/python3.10/site-packages/turtlebot3_pyqt_gui/viewmodels/battery_voltage_viewmodel.py to battery_voltage_viewmodel.cpython-310.pyc
byte-compiling /home/changmin/mini_projects/hope_turtlebot3_pyqt_gui/src/install/turtlebot3_pyqt_gui/lib/python3.10/site-packages/turtlebot3_pyqt_gui/viewmodels/trajectory_viewmodel.py to trajectory_viewmodel.cpython-310.pyc
byte-compiling /home/changmin/mini_projects/hope_turtlebot3_pyqt_gui/src/install/turtlebot3_pyqt_gui/lib/python3.10/site-packages/turtlebot3_pyqt_gui/viewmodels/waypoint_viewmodel.py to waypoint_viewmodel.cpython-310.pyc
byte-compiling /home/changmin/mini_projects/hope_turtlebot3_pyqt_gui/src/install/turtlebot3_pyqt_gui/lib/python3.10/site-packages/turtlebot3_pyqt_gui/viewmodels/robot_status_viewmodel.py to robot_status_viewmodel.cpython-310.pyc
byte-compiling /home/changmin/mini_projects/hope_turtlebot3_pyqt_gui/src/install/turtlebot3_pyqt_gui/lib/python3.10/site-packages/turtlebot3_pyqt_gui/viewmodels/cmd_vel_viewmodel.py to cmd_vel_viewmodel.cpython-310.pyc
byte-compiling /home/changmin/mini_projects/hope_turtlebot3_pyqt_gui/src/install/turtlebot3_pyqt_gui/lib/python3.10/site-packages/turtlebot3_pyqt_gui/viewmodels/gtts_viewmodel.py to gtts_viewmodel.cpython-310.pyc
byte-compiling /home/changmin/mini_projects/hope_turtlebot3_pyqt_gui/src/install/turtlebot3_pyqt_gui/lib/python3.10/site-packages/turtlebot3_pyqt_gui/viewmodels/process_control_viewmodel.py to process_control_viewmodel.cpython-310.pyc
byte-compiling /home/changmin/mini_projects/hope_turtlebot3_pyqt_gui/src/install/turtlebot3_pyqt_gui/lib/python3.10/site-packages/turtlebot3_pyqt_gui/services/launch_service.py to launch_service.cpython-310.pyc
byte-compiling /home/changmin/mini_projects/hope_turtlebot3_pyqt_gui/src/install/turtlebot3_pyqt_gui/lib/python3.10/site-packages/turtlebot3_pyqt_gui/services/__init__.py to __init__.cpython-310.pyc
byte-compiling /home/changmin/mini_projects/hope_turtlebot3_pyqt_gui/src/install/turtlebot3_pyqt_gui/lib/python3.10/site-packages/turtlebot3_pyqt_gui/services/gtts_service.py to gtts_service.cpython-310.pyc
byte-compiling /home/changmin/mini_projects/hope_turtlebot3_pyqt_gui/src/install/turtlebot3_pyqt_gui/lib/python3.10/site-packages/turtlebot3_pyqt_gui/services/cmd_vel_service.py to cmd_vel_service.cpython-310.pyc
byte-compiling /home/changmin/mini_projects/hope_turtlebot3_pyqt_gui/src/install/turtlebot3_pyqt_gui/lib/python3.10/site-packages/turtlebot3_pyqt_gui/services/trajectory_service.py to trajectory_service.cpython-310.pyc
byte-compiling /home/changmin/mini_projects/hope_turtlebot3_pyqt_gui/src/install/turtlebot3_pyqt_gui/lib/python3.10/site-packages/turtlebot3_pyqt_gui/ros/__init__.py to __init__.cpython-310.pyc
byte-compiling /home/changmin/mini_projects/hope_turtlebot3_pyqt_gui/src/install/turtlebot3_pyqt_gui/lib/python3.10/site-packages/turtlebot3_pyqt_gui/ros/turtlebot3_pyqt_gui_node.py to turtlebot3_pyqt_gui_node.cpython-310.pyc
byte-compiling /home/changmin/mini_projects/hope_turtlebot3_pyqt_gui/src/install/turtlebot3_pyqt_gui/lib/python3.10/site-packages/turtlebot3_pyqt_gui/turtlebot3_pyqt.py to turtlebot3_pyqt.cpython-310.pyc
byte-compiling /home/changmin/mini_projects/hope_turtlebot3_pyqt_gui/src/install/turtlebot3_pyqt_gui/lib/python3.10/site-packages/signals/RosSignalsManager.py to RosSignalsManager.cpython-310.pyc
byte-compiling /home/changmin/mini_projects/hope_turtlebot3_pyqt_gui/src/install/turtlebot3_pyqt_gui/lib/python3.10/site-packages/signals/__init__.py to __init__.cpython-310.pyc
running install_data
creating /home/changmin/mini_projects/hope_turtlebot3_pyqt_gui/src/install/turtlebot3_pyqt_gui/share/ament_index
creating /home/changmin/mini_projects/hope_turtlebot3_pyqt_gui/src/install/turtlebot3_pyqt_gui/share/ament_index/resource_index
creating /home/changmin/mini_projects/hope_turtlebot3_pyqt_gui/src/install/turtlebot3_pyqt_gui/share/ament_index/resource_index/packages
copying resource/turtlebot3_pyqt_gui -> /home/changmin/mini_projects/hope_turtlebot3_pyqt_gui/src/install/turtlebot3_pyqt_gui/share/ament_index/resource_index/packages
copying package.xml -> /home/changmin/mini_projects/hope_turtlebot3_pyqt_gui/src/install/turtlebot3_pyqt_gui/share/turtlebot3_pyqt_gui
running install_egg_info
Copying ../build/turtlebot3_pyqt_gui/turtlebot3_pyqt_gui.egg-info to /home/changmin/mini_projects/hope_turtlebot3_pyqt_gui/src/install/turtlebot3_pyqt_gui/lib/python3.10/site-packages/turtlebot3_pyqt_gui-0.0.0-py3.10.egg-info
running install_scripts
Installing turtlebot3_gui script to /home/changmin/mini_projects/hope_turtlebot3_pyqt_gui/src/install/turtlebot3_pyqt_gui/lib/turtlebot3_pyqt_gui
Installing turtlebot3_pyqt script to /home/changmin/mini_projects/hope_turtlebot3_pyqt_gui/src/install/turtlebot3_pyqt_gui/lib/turtlebot3_pyqt_gui
writing list of installed files to '/home/changmin/mini_projects/hope_turtlebot3_pyqt_gui/src/build/turtlebot3_pyqt_gui/install.log'
