[0.663s] Invoking command in '/home/changmin/mini_projects/hope_turtlebot3_pyqt_gui/src/turtlebot3_pyqt_gui': PYTHONPATH=/home/changmin/mini_projects/hope_turtlebot3_pyqt_gui/src/build/turtlebot3_pyqt_gui/prefix_override:/usr/lib/python3/dist-packages/colcon_core/task/python/colcon_distutils_commands:/home/changmin/mini_projects/hope_turtlebot3_pyqt_gui/src/install/turtlebot3_pyqt_gui/lib/python3.10/site-packages:${PYTHONPATH} /usr/bin/python3 -W ignore:setup.py install is deprecated -W ignore:easy_install command is deprecated setup.py egg_info --egg-base ../build/turtlebot3_pyqt_gui build --build-base /home/changmin/mini_projects/hope_turtlebot3_pyqt_gui/src/build/turtlebot3_pyqt_gui/build install --record /home/changmin/mini_projects/hope_turtlebot3_pyqt_gui/src/build/turtlebot3_pyqt_gui/install.log --install-scripts $base/lib/turtlebot3_pyqt_gui --single-version-externally-managed install_data
[0.872s] running egg_info
[0.873s] creating ../build/turtlebot3_pyqt_gui/turtlebot3_pyqt_gui.egg-info
[0.873s] writing ../build/turtlebot3_pyqt_gui/turtlebot3_pyqt_gui.egg-info/PKG-INFO
[0.873s] writing dependency_links to ../build/turtlebot3_pyqt_gui/turtlebot3_pyqt_gui.egg-info/dependency_links.txt
[0.873s] writing entry points to ../build/turtlebot3_pyqt_gui/turtlebot3_pyqt_gui.egg-info/entry_points.txt
[0.873s] writing requirements to ../build/turtlebot3_pyqt_gui/turtlebot3_pyqt_gui.egg-info/requires.txt
[0.873s] writing top-level names to ../build/turtlebot3_pyqt_gui/turtlebot3_pyqt_gui.egg-info/top_level.txt
[0.873s] writing manifest file '../build/turtlebot3_pyqt_gui/turtlebot3_pyqt_gui.egg-info/SOURCES.txt'
[0.875s] reading manifest file '../build/turtlebot3_pyqt_gui/turtlebot3_pyqt_gui.egg-info/SOURCES.txt'
[0.875s] writing manifest file '../build/turtlebot3_pyqt_gui/turtlebot3_pyqt_gui.egg-info/SOURCES.txt'
[0.876s] running build
[0.876s] running build_py
[0.876s] creating /home/changmin/mini_projects/hope_turtlebot3_pyqt_gui/src/build/turtlebot3_pyqt_gui/build
[0.876s] creating /home/changmin/mini_projects/hope_turtlebot3_pyqt_gui/src/build/turtlebot3_pyqt_gui/build/lib
[0.876s] creating /home/changmin/mini_projects/hope_turtlebot3_pyqt_gui/src/build/turtlebot3_pyqt_gui/build/lib/turtlebot3_pyqt_gui
[0.876s] copying turtlebot3_pyqt_gui/__init__.py -> /home/changmin/mini_projects/hope_turtlebot3_pyqt_gui/src/build/turtlebot3_pyqt_gui/build/lib/turtlebot3_pyqt_gui
[0.876s] copying turtlebot3_pyqt_gui/turtlebot3_gui.py -> /home/changmin/mini_projects/hope_turtlebot3_pyqt_gui/src/build/turtlebot3_pyqt_gui/build/lib/turtlebot3_pyqt_gui
[0.876s] copying turtlebot3_pyqt_gui/turtlebot3_pyqt.py -> /home/changmin/mini_projects/hope_turtlebot3_pyqt_gui/src/build/turtlebot3_pyqt_gui/build/lib/turtlebot3_pyqt_gui
[0.877s] creating /home/changmin/mini_projects/hope_turtlebot3_pyqt_gui/src/build/turtlebot3_pyqt_gui/build/lib/turtlebot3_pyqt_gui/services
[0.877s] copying turtlebot3_pyqt_gui/services/launch_service.py -> /home/changmin/mini_projects/hope_turtlebot3_pyqt_gui/src/build/turtlebot3_pyqt_gui/build/lib/turtlebot3_pyqt_gui/services
[0.877s] copying turtlebot3_pyqt_gui/services/__init__.py -> /home/changmin/mini_projects/hope_turtlebot3_pyqt_gui/src/build/turtlebot3_pyqt_gui/build/lib/turtlebot3_pyqt_gui/services
[0.877s] copying turtlebot3_pyqt_gui/services/gtts_service.py -> /home/changmin/mini_projects/hope_turtlebot3_pyqt_gui/src/build/turtlebot3_pyqt_gui/build/lib/turtlebot3_pyqt_gui/services
[0.877s] copying turtlebot3_pyqt_gui/services/cmd_vel_service.py -> /home/changmin/mini_projects/hope_turtlebot3_pyqt_gui/src/build/turtlebot3_pyqt_gui/build/lib/turtlebot3_pyqt_gui/services
[0.877s] copying turtlebot3_pyqt_gui/services/trajectory_service.py -> /home/changmin/mini_projects/hope_turtlebot3_pyqt_gui/src/build/turtlebot3_pyqt_gui/build/lib/turtlebot3_pyqt_gui/services
[0.878s] creating /home/changmin/mini_projects/hope_turtlebot3_pyqt_gui/src/build/turtlebot3_pyqt_gui/build/lib/turtlebot3_pyqt_gui/ui
[0.878s] copying turtlebot3_pyqt_gui/ui/trajectory_widget.py -> /home/changmin/mini_projects/hope_turtlebot3_pyqt_gui/src/build/turtlebot3_pyqt_gui/build/lib/turtlebot3_pyqt_gui/ui
[0.878s] copying turtlebot3_pyqt_gui/ui/process_control_widget.py -> /home/changmin/mini_projects/hope_turtlebot3_pyqt_gui/src/build/turtlebot3_pyqt_gui/build/lib/turtlebot3_pyqt_gui/ui
[0.878s] copying turtlebot3_pyqt_gui/ui/__init__.py -> /home/changmin/mini_projects/hope_turtlebot3_pyqt_gui/src/build/turtlebot3_pyqt_gui/build/lib/turtlebot3_pyqt_gui/ui
[0.878s] copying turtlebot3_pyqt_gui/ui/robot_status_widget.py -> /home/changmin/mini_projects/hope_turtlebot3_pyqt_gui/src/build/turtlebot3_pyqt_gui/build/lib/turtlebot3_pyqt_gui/ui
[0.878s] copying turtlebot3_pyqt_gui/ui/waypoint_widget.py -> /home/changmin/mini_projects/hope_turtlebot3_pyqt_gui/src/build/turtlebot3_pyqt_gui/build/lib/turtlebot3_pyqt_gui/ui
[0.878s] copying turtlebot3_pyqt_gui/ui/gtts_widget.py -> /home/changmin/mini_projects/hope_turtlebot3_pyqt_gui/src/build/turtlebot3_pyqt_gui/build/lib/turtlebot3_pyqt_gui/ui
[0.879s] copying turtlebot3_pyqt_gui/ui/battery_widget.py -> /home/changmin/mini_projects/hope_turtlebot3_pyqt_gui/src/build/turtlebot3_pyqt_gui/build/lib/turtlebot3_pyqt_gui/ui
[0.879s] copying turtlebot3_pyqt_gui/ui/battery_voltage_widget.py -> /home/changmin/mini_projects/hope_turtlebot3_pyqt_gui/src/build/turtlebot3_pyqt_gui/build/lib/turtlebot3_pyqt_gui/ui
[0.879s] copying turtlebot3_pyqt_gui/ui/log_widget.py -> /home/changmin/mini_projects/hope_turtlebot3_pyqt_gui/src/build/turtlebot3_pyqt_gui/build/lib/turtlebot3_pyqt_gui/ui
[0.879s] copying turtlebot3_pyqt_gui/ui/team_custom_widget.py -> /home/changmin/mini_projects/hope_turtlebot3_pyqt_gui/src/build/turtlebot3_pyqt_gui/build/lib/turtlebot3_pyqt_gui/ui
[0.879s] copying turtlebot3_pyqt_gui/ui/ros2_topic_widget.py -> /home/changmin/mini_projects/hope_turtlebot3_pyqt_gui/src/build/turtlebot3_pyqt_gui/build/lib/turtlebot3_pyqt_gui/ui
[0.880s] copying turtlebot3_pyqt_gui/ui/cmd_vel_widget.py -> /home/changmin/mini_projects/hope_turtlebot3_pyqt_gui/src/build/turtlebot3_pyqt_gui/build/lib/turtlebot3_pyqt_gui/ui
[0.880s] creating /home/changmin/mini_projects/hope_turtlebot3_pyqt_gui/src/build/turtlebot3_pyqt_gui/build/lib/turtlebot3_pyqt_gui/viewmodels
[0.880s] copying turtlebot3_pyqt_gui/viewmodels/log_viewmodel.py -> /home/changmin/mini_projects/hope_turtlebot3_pyqt_gui/src/build/turtlebot3_pyqt_gui/build/lib/turtlebot3_pyqt_gui/viewmodels
[0.880s] copying turtlebot3_pyqt_gui/viewmodels/ros2_topic_viewmodel.py -> /home/changmin/mini_projects/hope_turtlebot3_pyqt_gui/src/build/turtlebot3_pyqt_gui/build/lib/turtlebot3_pyqt_gui/viewmodels
[0.881s] copying turtlebot3_pyqt_gui/viewmodels/__init__.py -> /home/changmin/mini_projects/hope_turtlebot3_pyqt_gui/src/build/turtlebot3_pyqt_gui/build/lib/turtlebot3_pyqt_gui/viewmodels
[0.881s] copying turtlebot3_pyqt_gui/viewmodels/team_custom_viewmodel.py -> /home/changmin/mini_projects/hope_turtlebot3_pyqt_gui/src/build/turtlebot3_pyqt_gui/build/lib/turtlebot3_pyqt_gui/viewmodels
[0.881s] copying turtlebot3_pyqt_gui/viewmodels/battery_viewmodel.py -> /home/changmin/mini_projects/hope_turtlebot3_pyqt_gui/src/build/turtlebot3_pyqt_gui/build/lib/turtlebot3_pyqt_gui/viewmodels
[0.881s] copying turtlebot3_pyqt_gui/viewmodels/battery_voltage_viewmodel.py -> /home/changmin/mini_projects/hope_turtlebot3_pyqt_gui/src/build/turtlebot3_pyqt_gui/build/lib/turtlebot3_pyqt_gui/viewmodels
[0.881s] copying turtlebot3_pyqt_gui/viewmodels/trajectory_viewmodel.py -> /home/changmin/mini_projects/hope_turtlebot3_pyqt_gui/src/build/turtlebot3_pyqt_gui/build/lib/turtlebot3_pyqt_gui/viewmodels
[0.881s] copying turtlebot3_pyqt_gui/viewmodels/waypoint_viewmodel.py -> /home/changmin/mini_projects/hope_turtlebot3_pyqt_gui/src/build/turtlebot3_pyqt_gui/build/lib/turtlebot3_pyqt_gui/viewmodels
[0.881s] copying turtlebot3_pyqt_gui/viewmodels/robot_status_viewmodel.py -> /home/changmin/mini_projects/hope_turtlebot3_pyqt_gui/src/build/turtlebot3_pyqt_gui/build/lib/turtlebot3_pyqt_gui/viewmodels
[0.882s] copying turtlebot3_pyqt_gui/viewmodels/cmd_vel_viewmodel.py -> /home/changmin/mini_projects/hope_turtlebot3_pyqt_gui/src/build/turtlebot3_pyqt_gui/build/lib/turtlebot3_pyqt_gui/viewmodels
[0.882s] copying turtlebot3_pyqt_gui/viewmodels/gtts_viewmodel.py -> /home/changmin/mini_projects/hope_turtlebot3_pyqt_gui/src/build/turtlebot3_pyqt_gui/build/lib/turtlebot3_pyqt_gui/viewmodels
[0.882s] copying turtlebot3_pyqt_gui/viewmodels/process_control_viewmodel.py -> /home/changmin/mini_projects/hope_turtlebot3_pyqt_gui/src/build/turtlebot3_pyqt_gui/build/lib/turtlebot3_pyqt_gui/viewmodels
[0.882s] creating /home/changmin/mini_projects/hope_turtlebot3_pyqt_gui/src/build/turtlebot3_pyqt_gui/build/lib/signals
[0.883s] copying ../signals/RosSignalsManager.py -> /home/changmin/mini_projects/hope_turtlebot3_pyqt_gui/src/build/turtlebot3_pyqt_gui/build/lib/signals
[0.883s] copying ../signals/__init__.py -> /home/changmin/mini_projects/hope_turtlebot3_pyqt_gui/src/build/turtlebot3_pyqt_gui/build/lib/signals
[0.883s] creating /home/changmin/mini_projects/hope_turtlebot3_pyqt_gui/src/build/turtlebot3_pyqt_gui/build/lib/turtlebot3_pyqt_gui/ros
[0.883s] copying turtlebot3_pyqt_gui/ros/__init__.py -> /home/changmin/mini_projects/hope_turtlebot3_pyqt_gui/src/build/turtlebot3_pyqt_gui/build/lib/turtlebot3_pyqt_gui/ros
[0.883s] copying turtlebot3_pyqt_gui/ros/turtlebot3_pyqt_gui_node.py -> /home/changmin/mini_projects/hope_turtlebot3_pyqt_gui/src/build/turtlebot3_pyqt_gui/build/lib/turtlebot3_pyqt_gui/ros
[0.884s] running install
[0.884s] running install_lib
[0.885s] creating /home/changmin/mini_projects/hope_turtlebot3_pyqt_gui/src/install/turtlebot3_pyqt_gui/lib/python3.10/site-packages/turtlebot3_pyqt_gui
[0.885s] copying /home/changmin/mini_projects/hope_turtlebot3_pyqt_gui/src/build/turtlebot3_pyqt_gui/build/lib/turtlebot3_pyqt_gui/__init__.py -> /home/changmin/mini_projects/hope_turtlebot3_pyqt_gui/src/install/turtlebot3_pyqt_gui/lib/python3.10/site-packages/turtlebot3_pyqt_gui
[0.885s] creating /home/changmin/mini_projects/hope_turtlebot3_pyqt_gui/src/install/turtlebot3_pyqt_gui/lib/python3.10/site-packages/turtlebot3_pyqt_gui/ui
[0.885s] copying /home/changmin/mini_projects/hope_turtlebot3_pyqt_gui/src/build/turtlebot3_pyqt_gui/build/lib/turtlebot3_pyqt_gui/ui/trajectory_widget.py -> /home/changmin/mini_projects/hope_turtlebot3_pyqt_gui/src/install/turtlebot3_pyqt_gui/lib/python3.10/site-packages/turtlebot3_pyqt_gui/ui
[0.885s] copying /home/changmin/mini_projects/hope_turtlebot3_pyqt_gui/src/build/turtlebot3_pyqt_gui/build/lib/turtlebot3_pyqt_gui/ui/process_control_widget.py -> /home/changmin/mini_projects/hope_turtlebot3_pyqt_gui/src/install/turtlebot3_pyqt_gui/lib/python3.10/site-packages/turtlebot3_pyqt_gui/ui
[0.885s] copying /home/changmin/mini_projects/hope_turtlebot3_pyqt_gui/src/build/turtlebot3_pyqt_gui/build/lib/turtlebot3_pyqt_gui/ui/__init__.py -> /home/changmin/mini_projects/hope_turtlebot3_pyqt_gui/src/install/turtlebot3_pyqt_gui/lib/python3.10/site-packages/turtlebot3_pyqt_gui/ui
[0.885s] copying /home/changmin/mini_projects/hope_turtlebot3_pyqt_gui/src/build/turtlebot3_pyqt_gui/build/lib/turtlebot3_pyqt_gui/ui/robot_status_widget.py -> /home/changmin/mini_projects/hope_turtlebot3_pyqt_gui/src/install/turtlebot3_pyqt_gui/lib/python3.10/site-packages/turtlebot3_pyqt_gui/ui
[0.885s] copying /home/changmin/mini_projects/hope_turtlebot3_pyqt_gui/src/build/turtlebot3_pyqt_gui/build/lib/turtlebot3_pyqt_gui/ui/waypoint_widget.py -> /home/changmin/mini_projects/hope_turtlebot3_pyqt_gui/src/install/turtlebot3_pyqt_gui/lib/python3.10/site-packages/turtlebot3_pyqt_gui/ui
[0.886s] copying /home/changmin/mini_projects/hope_turtlebot3_pyqt_gui/src/build/turtlebot3_pyqt_gui/build/lib/turtlebot3_pyqt_gui/ui/gtts_widget.py -> /home/changmin/mini_projects/hope_turtlebot3_pyqt_gui/src/install/turtlebot3_pyqt_gui/lib/python3.10/site-packages/turtlebot3_pyqt_gui/ui
[0.886s] copying /home/changmin/mini_projects/hope_turtlebot3_pyqt_gui/src/build/turtlebot3_pyqt_gui/build/lib/turtlebot3_pyqt_gui/ui/battery_widget.py -> /home/changmin/mini_projects/hope_turtlebot3_pyqt_gui/src/install/turtlebot3_pyqt_gui/lib/python3.10/site-packages/turtlebot3_pyqt_gui/ui
[0.886s] copying /home/changmin/mini_projects/hope_turtlebot3_pyqt_gui/src/build/turtlebot3_pyqt_gui/build/lib/turtlebot3_pyqt_gui/ui/battery_voltage_widget.py -> /home/changmin/mini_projects/hope_turtlebot3_pyqt_gui/src/install/turtlebot3_pyqt_gui/lib/python3.10/site-packages/turtlebot3_pyqt_gui/ui
[0.886s] copying /home/changmin/mini_projects/hope_turtlebot3_pyqt_gui/src/build/turtlebot3_pyqt_gui/build/lib/turtlebot3_pyqt_gui/ui/log_widget.py -> /home/changmin/mini_projects/hope_turtlebot3_pyqt_gui/src/install/turtlebot3_pyqt_gui/lib/python3.10/site-packages/turtlebot3_pyqt_gui/ui
[0.886s] copying /home/changmin/mini_projects/hope_turtlebot3_pyqt_gui/src/build/turtlebot3_pyqt_gui/build/lib/turtlebot3_pyqt_gui/ui/team_custom_widget.py -> /home/changmin/mini_projects/hope_turtlebot3_pyqt_gui/src/install/turtlebot3_pyqt_gui/lib/python3.10/site-packages/turtlebot3_pyqt_gui/ui
[0.886s] copying /home/changmin/mini_projects/hope_turtlebot3_pyqt_gui/src/build/turtlebot3_pyqt_gui/build/lib/turtlebot3_pyqt_gui/ui/ros2_topic_widget.py -> /home/changmin/mini_projects/hope_turtlebot3_pyqt_gui/src/install/turtlebot3_pyqt_gui/lib/python3.10/site-packages/turtlebot3_pyqt_gui/ui
[0.886s] copying /home/changmin/mini_projects/hope_turtlebot3_pyqt_gui/src/build/turtlebot3_pyqt_gui/build/lib/turtlebot3_pyqt_gui/ui/cmd_vel_widget.py -> /home/changmin/mini_projects/hope_turtlebot3_pyqt_gui/src/install/turtlebot3_pyqt_gui/lib/python3.10/site-packages/turtlebot3_pyqt_gui/ui
[0.886s] copying /home/changmin/mini_projects/hope_turtlebot3_pyqt_gui/src/build/turtlebot3_pyqt_gui/build/lib/turtlebot3_pyqt_gui/turtlebot3_gui.py -> /home/changmin/mini_projects/hope_turtlebot3_pyqt_gui/src/install/turtlebot3_pyqt_gui/lib/python3.10/site-packages/turtlebot3_pyqt_gui
[0.888s] creating /home/changmin/mini_projects/hope_turtlebot3_pyqt_gui/src/install/turtlebot3_pyqt_gui/lib/python3.10/site-packages/turtlebot3_pyqt_gui/viewmodels
[0.888s] copying /home/changmin/mini_projects/hope_turtlebot3_pyqt_gui/src/build/turtlebot3_pyqt_gui/build/lib/turtlebot3_pyqt_gui/viewmodels/log_viewmodel.py -> /home/changmin/mini_projects/hope_turtlebot3_pyqt_gui/src/install/turtlebot3_pyqt_gui/lib/python3.10/site-packages/turtlebot3_pyqt_gui/viewmodels
[0.888s] copying /home/changmin/mini_projects/hope_turtlebot3_pyqt_gui/src/build/turtlebot3_pyqt_gui/build/lib/turtlebot3_pyqt_gui/viewmodels/ros2_topic_viewmodel.py -> /home/changmin/mini_projects/hope_turtlebot3_pyqt_gui/src/install/turtlebot3_pyqt_gui/lib/python3.10/site-packages/turtlebot3_pyqt_gui/viewmodels
[0.888s] copying /home/changmin/mini_projects/hope_turtlebot3_pyqt_gui/src/build/turtlebot3_pyqt_gui/build/lib/turtlebot3_pyqt_gui/viewmodels/__init__.py -> /home/changmin/mini_projects/hope_turtlebot3_pyqt_gui/src/install/turtlebot3_pyqt_gui/lib/python3.10/site-packages/turtlebot3_pyqt_gui/viewmodels
[0.888s] copying /home/changmin/mini_projects/hope_turtlebot3_pyqt_gui/src/build/turtlebot3_pyqt_gui/build/lib/turtlebot3_pyqt_gui/viewmodels/team_custom_viewmodel.py -> /home/changmin/mini_projects/hope_turtlebot3_pyqt_gui/src/install/turtlebot3_pyqt_gui/lib/python3.10/site-packages/turtlebot3_pyqt_gui/viewmodels
[0.889s] copying /home/changmin/mini_projects/hope_turtlebot3_pyqt_gui/src/build/turtlebot3_pyqt_gui/build/lib/turtlebot3_pyqt_gui/viewmodels/battery_viewmodel.py -> /home/changmin/mini_projects/hope_turtlebot3_pyqt_gui/src/install/turtlebot3_pyqt_gui/lib/python3.10/site-packages/turtlebot3_pyqt_gui/viewmodels
[0.889s] copying /home/changmin/mini_projects/hope_turtlebot3_pyqt_gui/src/build/turtlebot3_pyqt_gui/build/lib/turtlebot3_pyqt_gui/viewmodels/battery_voltage_viewmodel.py -> /home/changmin/mini_projects/hope_turtlebot3_pyqt_gui/src/install/turtlebot3_pyqt_gui/lib/python3.10/site-packages/turtlebot3_pyqt_gui/viewmodels
[0.889s] copying /home/changmin/mini_projects/hope_turtlebot3_pyqt_gui/src/build/turtlebot3_pyqt_gui/build/lib/turtlebot3_pyqt_gui/viewmodels/trajectory_viewmodel.py -> /home/changmin/mini_projects/hope_turtlebot3_pyqt_gui/src/install/turtlebot3_pyqt_gui/lib/python3.10/site-packages/turtlebot3_pyqt_gui/viewmodels
[0.889s] copying /home/changmin/mini_projects/hope_turtlebot3_pyqt_gui/src/build/turtlebot3_pyqt_gui/build/lib/turtlebot3_pyqt_gui/viewmodels/waypoint_viewmodel.py -> /home/changmin/mini_projects/hope_turtlebot3_pyqt_gui/src/install/turtlebot3_pyqt_gui/lib/python3.10/site-packages/turtlebot3_pyqt_gui/viewmodels
[0.889s] copying /home/changmin/mini_projects/hope_turtlebot3_pyqt_gui/src/build/turtlebot3_pyqt_gui/build/lib/turtlebot3_pyqt_gui/viewmodels/robot_status_viewmodel.py -> /home/changmin/mini_projects/hope_turtlebot3_pyqt_gui/src/install/turtlebot3_pyqt_gui/lib/python3.10/site-packages/turtlebot3_pyqt_gui/viewmodels
[0.889s] copying /home/changmin/mini_projects/hope_turtlebot3_pyqt_gui/src/build/turtlebot3_pyqt_gui/build/lib/turtlebot3_pyqt_gui/viewmodels/cmd_vel_viewmodel.py -> /home/changmin/mini_projects/hope_turtlebot3_pyqt_gui/src/install/turtlebot3_pyqt_gui/lib/python3.10/site-packages/turtlebot3_pyqt_gui/viewmodels
[0.889s] copying /home/changmin/mini_projects/hope_turtlebot3_pyqt_gui/src/build/turtlebot3_pyqt_gui/build/lib/turtlebot3_pyqt_gui/viewmodels/gtts_viewmodel.py -> /home/changmin/mini_projects/hope_turtlebot3_pyqt_gui/src/install/turtlebot3_pyqt_gui/lib/python3.10/site-packages/turtlebot3_pyqt_gui/viewmodels
[0.889s] copying /home/changmin/mini_projects/hope_turtlebot3_pyqt_gui/src/build/turtlebot3_pyqt_gui/build/lib/turtlebot3_pyqt_gui/viewmodels/process_control_viewmodel.py -> /home/changmin/mini_projects/hope_turtlebot3_pyqt_gui/src/install/turtlebot3_pyqt_gui/lib/python3.10/site-packages/turtlebot3_pyqt_gui/viewmodels
[0.889s] creating /home/changmin/mini_projects/hope_turtlebot3_pyqt_gui/src/install/turtlebot3_pyqt_gui/lib/python3.10/site-packages/turtlebot3_pyqt_gui/services
[0.889s] copying /home/changmin/mini_projects/hope_turtlebot3_pyqt_gui/src/build/turtlebot3_pyqt_gui/build/lib/turtlebot3_pyqt_gui/services/launch_service.py -> /home/changmin/mini_projects/hope_turtlebot3_pyqt_gui/src/install/turtlebot3_pyqt_gui/lib/python3.10/site-packages/turtlebot3_pyqt_gui/services
[0.889s] copying /home/changmin/mini_projects/hope_turtlebot3_pyqt_gui/src/build/turtlebot3_pyqt_gui/build/lib/turtlebot3_pyqt_gui/services/__init__.py -> /home/changmin/mini_projects/hope_turtlebot3_pyqt_gui/src/install/turtlebot3_pyqt_gui/lib/python3.10/site-packages/turtlebot3_pyqt_gui/services
[0.889s] copying /home/changmin/mini_projects/hope_turtlebot3_pyqt_gui/src/build/turtlebot3_pyqt_gui/build/lib/turtlebot3_pyqt_gui/services/gtts_service.py -> /home/changmin/mini_projects/hope_turtlebot3_pyqt_gui/src/install/turtlebot3_pyqt_gui/lib/python3.10/site-packages/turtlebot3_pyqt_gui/services
[0.889s] copying /home/changmin/mini_projects/hope_turtlebot3_pyqt_gui/src/build/turtlebot3_pyqt_gui/build/lib/turtlebot3_pyqt_gui/services/cmd_vel_service.py -> /home/changmin/mini_projects/hope_turtlebot3_pyqt_gui/src/install/turtlebot3_pyqt_gui/lib/python3.10/site-packages/turtlebot3_pyqt_gui/services
[0.889s] copying /home/changmin/mini_projects/hope_turtlebot3_pyqt_gui/src/build/turtlebot3_pyqt_gui/build/lib/turtlebot3_pyqt_gui/services/trajectory_service.py -> /home/changmin/mini_projects/hope_turtlebot3_pyqt_gui/src/install/turtlebot3_pyqt_gui/lib/python3.10/site-packages/turtlebot3_pyqt_gui/services
[0.889s] creating /home/changmin/mini_projects/hope_turtlebot3_pyqt_gui/src/install/turtlebot3_pyqt_gui/lib/python3.10/site-packages/turtlebot3_pyqt_gui/ros
[0.889s] copying /home/changmin/mini_projects/hope_turtlebot3_pyqt_gui/src/build/turtlebot3_pyqt_gui/build/lib/turtlebot3_pyqt_gui/ros/__init__.py -> /home/changmin/mini_projects/hope_turtlebot3_pyqt_gui/src/install/turtlebot3_pyqt_gui/lib/python3.10/site-packages/turtlebot3_pyqt_gui/ros
[0.889s] copying /home/changmin/mini_projects/hope_turtlebot3_pyqt_gui/src/build/turtlebot3_pyqt_gui/build/lib/turtlebot3_pyqt_gui/ros/turtlebot3_pyqt_gui_node.py -> /home/changmin/mini_projects/hope_turtlebot3_pyqt_gui/src/install/turtlebot3_pyqt_gui/lib/python3.10/site-packages/turtlebot3_pyqt_gui/ros
[0.889s] copying /home/changmin/mini_projects/hope_turtlebot3_pyqt_gui/src/build/turtlebot3_pyqt_gui/build/lib/turtlebot3_pyqt_gui/turtlebot3_pyqt.py -> /home/changmin/mini_projects/hope_turtlebot3_pyqt_gui/src/install/turtlebot3_pyqt_gui/lib/python3.10/site-packages/turtlebot3_pyqt_gui
[0.889s] creating /home/changmin/mini_projects/hope_turtlebot3_pyqt_gui/src/install/turtlebot3_pyqt_gui/lib/python3.10/site-packages/signals
[0.889s] copying /home/changmin/mini_projects/hope_turtlebot3_pyqt_gui/src/build/turtlebot3_pyqt_gui/build/lib/signals/RosSignalsManager.py -> /home/changmin/mini_projects/hope_turtlebot3_pyqt_gui/src/install/turtlebot3_pyqt_gui/lib/python3.10/site-packages/signals
[0.889s] copying /home/changmin/mini_projects/hope_turtlebot3_pyqt_gui/src/build/turtlebot3_pyqt_gui/build/lib/signals/__init__.py -> /home/changmin/mini_projects/hope_turtlebot3_pyqt_gui/src/install/turtlebot3_pyqt_gui/lib/python3.10/site-packages/signals
[0.890s] byte-compiling /home/changmin/mini_projects/hope_turtlebot3_pyqt_gui/src/install/turtlebot3_pyqt_gui/lib/python3.10/site-packages/turtlebot3_pyqt_gui/__init__.py to __init__.cpython-310.pyc
[0.890s] byte-compiling /home/changmin/mini_projects/hope_turtlebot3_pyqt_gui/src/install/turtlebot3_pyqt_gui/lib/python3.10/site-packages/turtlebot3_pyqt_gui/ui/trajectory_widget.py to trajectory_widget.cpython-310.pyc
[0.891s] byte-compiling /home/changmin/mini_projects/hope_turtlebot3_pyqt_gui/src/install/turtlebot3_pyqt_gui/lib/python3.10/site-packages/turtlebot3_pyqt_gui/ui/process_control_widget.py to process_control_widget.cpython-310.pyc
[0.891s] byte-compiling /home/changmin/mini_projects/hope_turtlebot3_pyqt_gui/src/install/turtlebot3_pyqt_gui/lib/python3.10/site-packages/turtlebot3_pyqt_gui/ui/__init__.py to __init__.cpython-310.pyc
[0.891s] byte-compiling /home/changmin/mini_projects/hope_turtlebot3_pyqt_gui/src/install/turtlebot3_pyqt_gui/lib/python3.10/site-packages/turtlebot3_pyqt_gui/ui/robot_status_widget.py to robot_status_widget.cpython-310.pyc
[0.892s] byte-compiling /home/changmin/mini_projects/hope_turtlebot3_pyqt_gui/src/install/turtlebot3_pyqt_gui/lib/python3.10/site-packages/turtlebot3_pyqt_gui/ui/waypoint_widget.py to waypoint_widget.cpython-310.pyc
[0.892s] byte-compiling /home/changmin/mini_projects/hope_turtlebot3_pyqt_gui/src/install/turtlebot3_pyqt_gui/lib/python3.10/site-packages/turtlebot3_pyqt_gui/ui/gtts_widget.py to gtts_widget.cpython-310.pyc
[0.893s] byte-compiling /home/changmin/mini_projects/hope_turtlebot3_pyqt_gui/src/install/turtlebot3_pyqt_gui/lib/python3.10/site-packages/turtlebot3_pyqt_gui/ui/battery_widget.py to battery_widget.cpython-310.pyc
[0.893s] byte-compiling /home/changmin/mini_projects/hope_turtlebot3_pyqt_gui/src/install/turtlebot3_pyqt_gui/lib/python3.10/site-packages/turtlebot3_pyqt_gui/ui/battery_voltage_widget.py to battery_voltage_widget.cpython-310.pyc
[0.893s] byte-compiling /home/changmin/mini_projects/hope_turtlebot3_pyqt_gui/src/install/turtlebot3_pyqt_gui/lib/python3.10/site-packages/turtlebot3_pyqt_gui/ui/log_widget.py to log_widget.cpython-310.pyc
[0.894s] byte-compiling /home/changmin/mini_projects/hope_turtlebot3_pyqt_gui/src/install/turtlebot3_pyqt_gui/lib/python3.10/site-packages/turtlebot3_pyqt_gui/ui/team_custom_widget.py to team_custom_widget.cpython-310.pyc
[0.894s] byte-compiling /home/changmin/mini_projects/hope_turtlebot3_pyqt_gui/src/install/turtlebot3_pyqt_gui/lib/python3.10/site-packages/turtlebot3_pyqt_gui/ui/ros2_topic_widget.py to ros2_topic_widget.cpython-310.pyc
[0.894s] byte-compiling /home/changmin/mini_projects/hope_turtlebot3_pyqt_gui/src/install/turtlebot3_pyqt_gui/lib/python3.10/site-packages/turtlebot3_pyqt_gui/ui/cmd_vel_widget.py to cmd_vel_widget.cpython-310.pyc
[0.895s] byte-compiling /home/changmin/mini_projects/hope_turtlebot3_pyqt_gui/src/install/turtlebot3_pyqt_gui/lib/python3.10/site-packages/turtlebot3_pyqt_gui/turtlebot3_gui.py to turtlebot3_gui.cpython-310.pyc
[0.895s] byte-compiling /home/changmin/mini_projects/hope_turtlebot3_pyqt_gui/src/install/turtlebot3_pyqt_gui/lib/python3.10/site-packages/turtlebot3_pyqt_gui/viewmodels/log_viewmodel.py to log_viewmodel.cpython-310.pyc
[0.896s] byte-compiling /home/changmin/mini_projects/hope_turtlebot3_pyqt_gui/src/install/turtlebot3_pyqt_gui/lib/python3.10/site-packages/turtlebot3_pyqt_gui/viewmodels/ros2_topic_viewmodel.py to ros2_topic_viewmodel.cpython-310.pyc
[0.896s] byte-compiling /home/changmin/mini_projects/hope_turtlebot3_pyqt_gui/src/install/turtlebot3_pyqt_gui/lib/python3.10/site-packages/turtlebot3_pyqt_gui/viewmodels/__init__.py to __init__.cpython-310.pyc
[0.896s] byte-compiling /home/changmin/mini_projects/hope_turtlebot3_pyqt_gui/src/install/turtlebot3_pyqt_gui/lib/python3.10/site-packages/turtlebot3_pyqt_gui/viewmodels/team_custom_viewmodel.py to team_custom_viewmodel.cpython-310.pyc
[0.896s] byte-compiling /home/changmin/mini_projects/hope_turtlebot3_pyqt_gui/src/install/turtlebot3_pyqt_gui/lib/python3.10/site-packages/turtlebot3_pyqt_gui/viewmodels/battery_viewmodel.py to battery_viewmodel.cpython-310.pyc
[0.897s] byte-compiling /home/changmin/mini_projects/hope_turtlebot3_pyqt_gui/src/install/turtlebot3_pyqt_gui/lib/python3.10/site-packages/turtlebot3_pyqt_gui/viewmodels/battery_voltage_viewmodel.py to battery_voltage_viewmodel.cpython-310.pyc
[0.897s] byte-compiling /home/changmin/mini_projects/hope_turtlebot3_pyqt_gui/src/install/turtlebot3_pyqt_gui/lib/python3.10/site-packages/turtlebot3_pyqt_gui/viewmodels/trajectory_viewmodel.py to trajectory_viewmodel.cpython-310.pyc
[0.898s] byte-compiling /home/changmin/mini_projects/hope_turtlebot3_pyqt_gui/src/install/turtlebot3_pyqt_gui/lib/python3.10/site-packages/turtlebot3_pyqt_gui/viewmodels/waypoint_viewmodel.py to waypoint_viewmodel.cpython-310.pyc
[0.898s] byte-compiling /home/changmin/mini_projects/hope_turtlebot3_pyqt_gui/src/install/turtlebot3_pyqt_gui/lib/python3.10/site-packages/turtlebot3_pyqt_gui/viewmodels/robot_status_viewmodel.py to robot_status_viewmodel.cpython-310.pyc
[0.899s] byte-compiling /home/changmin/mini_projects/hope_turtlebot3_pyqt_gui/src/install/turtlebot3_pyqt_gui/lib/python3.10/site-packages/turtlebot3_pyqt_gui/viewmodels/cmd_vel_viewmodel.py to cmd_vel_viewmodel.cpython-310.pyc
[0.899s] byte-compiling /home/changmin/mini_projects/hope_turtlebot3_pyqt_gui/src/install/turtlebot3_pyqt_gui/lib/python3.10/site-packages/turtlebot3_pyqt_gui/viewmodels/gtts_viewmodel.py to gtts_viewmodel.cpython-310.pyc
[0.899s] byte-compiling /home/changmin/mini_projects/hope_turtlebot3_pyqt_gui/src/install/turtlebot3_pyqt_gui/lib/python3.10/site-packages/turtlebot3_pyqt_gui/viewmodels/process_control_viewmodel.py to process_control_viewmodel.cpython-310.pyc
[0.899s] byte-compiling /home/changmin/mini_projects/hope_turtlebot3_pyqt_gui/src/install/turtlebot3_pyqt_gui/lib/python3.10/site-packages/turtlebot3_pyqt_gui/services/launch_service.py to launch_service.cpython-310.pyc
[0.899s] byte-compiling /home/changmin/mini_projects/hope_turtlebot3_pyqt_gui/src/install/turtlebot3_pyqt_gui/lib/python3.10/site-packages/turtlebot3_pyqt_gui/services/__init__.py to __init__.cpython-310.pyc
[0.900s] byte-compiling /home/changmin/mini_projects/hope_turtlebot3_pyqt_gui/src/install/turtlebot3_pyqt_gui/lib/python3.10/site-packages/turtlebot3_pyqt_gui/services/gtts_service.py to gtts_service.cpython-310.pyc
[0.900s] byte-compiling /home/changmin/mini_projects/hope_turtlebot3_pyqt_gui/src/install/turtlebot3_pyqt_gui/lib/python3.10/site-packages/turtlebot3_pyqt_gui/services/cmd_vel_service.py to cmd_vel_service.cpython-310.pyc
[0.900s] byte-compiling /home/changmin/mini_projects/hope_turtlebot3_pyqt_gui/src/install/turtlebot3_pyqt_gui/lib/python3.10/site-packages/turtlebot3_pyqt_gui/services/trajectory_service.py to trajectory_service.cpython-310.pyc
[0.901s] byte-compiling /home/changmin/mini_projects/hope_turtlebot3_pyqt_gui/src/install/turtlebot3_pyqt_gui/lib/python3.10/site-packages/turtlebot3_pyqt_gui/ros/__init__.py to __init__.cpython-310.pyc
[0.901s] byte-compiling /home/changmin/mini_projects/hope_turtlebot3_pyqt_gui/src/install/turtlebot3_pyqt_gui/lib/python3.10/site-packages/turtlebot3_pyqt_gui/ros/turtlebot3_pyqt_gui_node.py to turtlebot3_pyqt_gui_node.cpython-310.pyc
[0.901s] byte-compiling /home/changmin/mini_projects/hope_turtlebot3_pyqt_gui/src/install/turtlebot3_pyqt_gui/lib/python3.10/site-packages/turtlebot3_pyqt_gui/turtlebot3_pyqt.py to turtlebot3_pyqt.cpython-310.pyc
[0.902s] byte-compiling /home/changmin/mini_projects/hope_turtlebot3_pyqt_gui/src/install/turtlebot3_pyqt_gui/lib/python3.10/site-packages/signals/RosSignalsManager.py to RosSignalsManager.cpython-310.pyc
[0.902s] byte-compiling /home/changmin/mini_projects/hope_turtlebot3_pyqt_gui/src/install/turtlebot3_pyqt_gui/lib/python3.10/site-packages/signals/__init__.py to __init__.cpython-310.pyc
[0.903s] running install_data
[0.903s] creating /home/changmin/mini_projects/hope_turtlebot3_pyqt_gui/src/install/turtlebot3_pyqt_gui/share/ament_index
[0.903s] creating /home/changmin/mini_projects/hope_turtlebot3_pyqt_gui/src/install/turtlebot3_pyqt_gui/share/ament_index/resource_index
[0.903s] creating /home/changmin/mini_projects/hope_turtlebot3_pyqt_gui/src/install/turtlebot3_pyqt_gui/share/ament_index/resource_index/packages
[0.903s] copying resource/turtlebot3_pyqt_gui -> /home/changmin/mini_projects/hope_turtlebot3_pyqt_gui/src/install/turtlebot3_pyqt_gui/share/ament_index/resource_index/packages
[0.903s] copying package.xml -> /home/changmin/mini_projects/hope_turtlebot3_pyqt_gui/src/install/turtlebot3_pyqt_gui/share/turtlebot3_pyqt_gui
[0.903s] running install_egg_info
[0.905s] Copying ../build/turtlebot3_pyqt_gui/turtlebot3_pyqt_gui.egg-info to /home/changmin/mini_projects/hope_turtlebot3_pyqt_gui/src/install/turtlebot3_pyqt_gui/lib/python3.10/site-packages/turtlebot3_pyqt_gui-0.0.0-py3.10.egg-info
[0.905s] running install_scripts
[0.922s] Installing turtlebot3_gui script to /home/changmin/mini_projects/hope_turtlebot3_pyqt_gui/src/install/turtlebot3_pyqt_gui/lib/turtlebot3_pyqt_gui
[0.922s] Installing turtlebot3_pyqt script to /home/changmin/mini_projects/hope_turtlebot3_pyqt_gui/src/install/turtlebot3_pyqt_gui/lib/turtlebot3_pyqt_gui
[0.923s] writing list of installed files to '/home/changmin/mini_projects/hope_turtlebot3_pyqt_gui/src/build/turtlebot3_pyqt_gui/install.log'
[0.943s] Invoked command in '/home/changmin/mini_projects/hope_turtlebot3_pyqt_gui/src/turtlebot3_pyqt_gui' returned '0': PYTHONPATH=/home/changmin/mini_projects/hope_turtlebot3_pyqt_gui/src/build/turtlebot3_pyqt_gui/prefix_override:/usr/lib/python3/dist-packages/colcon_core/task/python/colcon_distutils_commands:/home/changmin/mini_projects/hope_turtlebot3_pyqt_gui/src/install/turtlebot3_pyqt_gui/lib/python3.10/site-packages:${PYTHONPATH} /usr/bin/python3 -W ignore:setup.py install is deprecated -W ignore:easy_install command is deprecated setup.py egg_info --egg-base ../build/turtlebot3_pyqt_gui build --build-base /home/changmin/mini_projects/hope_turtlebot3_pyqt_gui/src/build/turtlebot3_pyqt_gui/build install --record /home/changmin/mini_projects/hope_turtlebot3_pyqt_gui/src/build/turtlebot3_pyqt_gui/install.log --install-scripts $base/lib/turtlebot3_pyqt_gui --single-version-externally-managed install_data
